[colorlib.com/preview/theme/dentacare/index.html]
[backblue.gif]
[fade.gif]
[index.html]
[colorlib.com/preview/theme/dentacare/css/open-iconic-bootstrap.min.css]
[colorlib.com/preview/theme/dentacare/css/animate.css]
[colorlib.com/preview/theme/dentacare/css/owl.carousel.min.css]
[colorlib.com/preview/theme/dentacare/css/owl.theme.default.min.css]
[colorlib.com/preview/theme/dentacare/css/magnific-popup.css]
[colorlib.com/preview/theme/dentacare/css/aos.css]
[colorlib.com/preview/theme/dentacare/css/ionicons.min.css]
[colorlib.com/preview/theme/dentacare/css/bootstrap-datepicker.css]
[colorlib.com/preview/theme/dentacare/css/jquery.timepicker.css]
[colorlib.com/preview/theme/dentacare/css/flaticon.css]
[colorlib.com/preview/theme/dentacare/css/icomoon.css]
[colorlib.com/preview/theme/dentacare/css/style.css]
[colorlib.com/preview/theme/dentacare/about.html]
[colorlib.com/preview/theme/dentacare/services.html]
[colorlib.com/preview/theme/dentacare/doctors.html]
[colorlib.com/preview/theme/dentacare/blog.html]
[colorlib.com/preview/theme/dentacare/contact.html]
[colorlib.com/preview/theme/dentacare/images/bg_1.jpg]
[colorlib.com/preview/theme/dentacare/images/bg_2.jpg]
[colorlib.com/preview/theme/dentacare/images/about-2.jpg]
[colorlib.com/preview/theme/dentacare/images/person_5.jpg]
[colorlib.com/preview/theme/dentacare/teacher-single.html]
[colorlib.com/preview/theme/dentacare/images/person_6.jpg]
[colorlib.com/preview/theme/dentacare/images/person_7.jpg]
[colorlib.com/preview/theme/dentacare/images/person_8.jpg]
[colorlib.com/preview/theme/dentacare/images/person_1.jpg]
[colorlib.com/preview/theme/dentacare/images/person_2.jpg]
[colorlib.com/preview/theme/dentacare/images/person_3.jpg]
[colorlib.com/preview/theme/dentacare/gallery.html]
[colorlib.com/preview/theme/dentacare/images/gallery-1.jpg]
[colorlib.com/preview/theme/dentacare/images/gallery-2.jpg]
[colorlib.com/preview/theme/dentacare/images/gallery-3.jpg]
[colorlib.com/preview/theme/dentacare/images/gallery-4.jpg]
[colorlib.com/preview/theme/dentacare/blog-single.html]
[colorlib.com/preview/theme/dentacare/images/image_1.jpg]
[colorlib.com/preview/theme/dentacare/images/image_2.jpg]
[colorlib.com/preview/theme/dentacare/images/image_3.jpg]
[colorlib.com/cdn-cgi/scripts/5c5dd728/cloudflare-static/email-decode.min.js]
[colorlib.com/preview/theme/dentacare/js/jquery.min.js]
[colorlib.com/preview/theme/dentacare/js/jquery-migrate-3.0.1.min.js]
[colorlib.com/preview/theme/dentacare/js/popper.min.js]
[colorlib.com/preview/theme/dentacare/js/bootstrap.min.js]
[colorlib.com/preview/theme/dentacare/js/jquery.easing.1.3.js]
[colorlib.com/preview/theme/dentacare/js/jquery.waypoints.min.js]
[colorlib.com/preview/theme/dentacare/js/jquery.stellar.min.js]
[colorlib.com/preview/theme/dentacare/js/owl.carousel.min.js]
[colorlib.com/preview/theme/dentacare/js/jquery.magnific-popup.min.js]
[colorlib.com/preview/theme/dentacare/js/aos.js]
[colorlib.com/preview/theme/dentacare/js/jquery.animateNumber.min.js]
[colorlib.com/preview/theme/dentacare/js/bootstrap-datepicker.js]
[colorlib.com/preview/theme/dentacare/js/jquery.timepicker.min.js]
[colorlib.com/preview/theme/dentacare/js/scrollax.min.js]
[colorlib.com/preview/theme/dentacare/js/google-map.js]
[colorlib.com/preview/theme/dentacare/js/main.js]
[colorlib.com/preview/theme/dentacare/index.html]
[ajax.cloudflare.com/cdn-cgi/scripts/95c75768/cloudflare-static/rocket-loader.min.js]
[colorlib.com/preview/theme/dentacare/fonts/open-iconic/open-iconic.eot]
[colorlib.com/preview/theme/dentacare/fonts/open-iconic/open-iconicd41d.eot]
[colorlib.com/preview/theme/dentacare/fonts/open-iconic/open-iconic.woff]
[colorlib.com/preview/theme/dentacare/fonts/open-iconic/open-iconic.ttf]
[colorlib.com/preview/theme/dentacare/fonts/open-iconic/open-iconic.otf]
[colorlib.com/preview/theme/dentacare/css/open-iconic-bootstrap.min.css]
[colorlib.com/preview/theme/dentacare/css/animate.css]
[colorlib.com/preview/theme/dentacare/fonts/open-iconic/open-iconic.svg]
[colorlib.com/preview/theme/dentacare/css/owl.video.play.png]
[colorlib.com/preview/theme/dentacare/css/owl.carousel.min.css]
[colorlib.com/preview/theme/dentacare/css/owl.theme.default.min.css]
[colorlib.com/preview/theme/dentacare/css/magnific-popup.css]
[colorlib.com/preview/theme/dentacare/css/aos.css]
[colorlib.com/preview/theme/dentacare/fonts/ionicons/fonts/ionicons580c.eot]
[colorlib.com/preview/theme/dentacare/fonts/ionicons/fonts/ionicons580c.woff2]
[colorlib.com/preview/theme/dentacare/fonts/ionicons/fonts/ionicons580c.woff]
[colorlib.com/preview/theme/dentacare/fonts/ionicons/fonts/ionicons580c.ttf]
[colorlib.com/preview/theme/dentacare/css/ionicons.min.css]
[colorlib.com/preview/theme/dentacare/css/bootstrap-datepicker.css]
[colorlib.com/preview/theme/dentacare/css/jquery.timepicker.css]
[colorlib.com/preview/theme/dentacare/fonts/ionicons/fonts/ionicons580c.svg]
[colorlib.com/preview/theme/dentacare/fonts/flaticon/font/Flaticon.eot]
[colorlib.com/preview/theme/dentacare/fonts/flaticon/font/Flaticond41d.eot]
[colorlib.com/preview/theme/dentacare/fonts/flaticon/font/Flaticon.woff]
[colorlib.com/preview/theme/dentacare/fonts/flaticon/font/Flaticon.ttf]
[colorlib.com/preview/theme/dentacare/css/flaticon.css]
[colorlib.com/preview/theme/dentacare/fonts/flaticon/font/Flaticon.svg]
[colorlib.com/preview/theme/dentacare/fonts/icomoon/icomoonccfb.eot]
[colorlib.com/preview/theme/dentacare/fonts/icomoon/icomoonccfb.ttf]
[colorlib.com/preview/theme/dentacare/fonts/icomoon/icomoonccfb.woff]
[colorlib.com/preview/theme/dentacare/css/icomoon.css]
[colorlib.com/preview/theme/dentacare/css/style.css]
[colorlib.com/preview/theme/dentacare/fonts/icomoon/icomoonccfb.svg]
[colorlib.com/preview/theme/dentacare/images/about.jpg]
[colorlib.com/preview/theme/dentacare/about.html]
[colorlib.com/preview/theme/dentacare/services.html]
[colorlib.com/preview/theme/dentacare/images/person_4.jpg]
[colorlib.com/preview/theme/dentacare/doctors.html]
[colorlib.com/preview/theme/dentacare/images/image_4.jpg]
[colorlib.com/preview/theme/dentacare/images/image_5.jpg]
[colorlib.com/preview/theme/dentacare/images/image_6.jpg]
[colorlib.com/preview/theme/dentacare/blog.html]
[colorlib.com/preview/theme/dentacare/contact.html]
[colorlib.com/preview/theme/dentacare/teacher-single.html]
[colorlib.com/preview/theme/dentacare/gallery.html]
[colorlib.com/preview/theme/dentacare/blog-single.html]
[colorlib.com/preview/theme/dentacare/fonts/open-iconic/open-iconic.svg]
[colorlib.com/preview/theme/dentacare/css/owl.video.play.html]
[colorlib.com/preview/theme/dentacare/fonts/ionicons/fonts/ionicons580c.svg]
[colorlib.com/preview/theme/dentacare/fonts/flaticon/font/Flaticon.svg]
[colorlib.com/preview/theme/dentacare/fonts/icomoon/icomoonccfb.svg]
